Microchip MPLAB XC8 Compiler V2.32

Linker command line:

-W-3 --edf=C:\Program Files\Microchip\xc8\v2.32\pic\dat\en_msgs.txt -cn \
  -h+dist/default/production\MP2-Maestro.X.production.sym \
  --cmf=dist/default/production\MP2-Maestro.X.production.cmf -z -Q16F887 \
  -oC:\Users\nicou\AppData\Local\Temp\xcAsi54.4 --defsym=__MPLAB_BUILD=1 \
  -Mdist/default/production/MP2-Maestro.X.production.map -E1 \
  -ver=XC8 Compiler --acfsm=1493 -ASTACK=0110h-016Fh -pstack=STACK \
  -ACODE=00h-07FFhx4 -ASTRCODE=00h-01FFFh -ASTRING=00h-0FFhx32 \
  -ACONST=00h-0FFhx32 -AENTRY=00h-0FFhx32 -ACOMMON=070h-07Fh \
  -ABANK0=020h-06Fh -ABANK1=0A0h-0EFh -ABANK2=0110h-016Fh \
  -ABANK3=0190h-01EFh -ARAM=020h-06Fh,0A0h-0EFh,0110h-016Fh,0190h-01EFh \
  -AABS1=020h-07Fh,0A0h-0EFh,0110h-016Fh,0190h-01EFh -ASFR0=00h-01Fh \
  -ASFR1=080h-09Fh -ASFR2=0100h-010Fh -ASFR3=0180h-018Fh \
  -ACONFIG=02007h-02008h -DCONFIG=2 -AIDLOC=02000h-02003h -DIDLOC=2 \
  -AEEDATA=00h-0FFh/02100h -peeprom_data=EEDATA -DEEDATA=2 -DCODE=2 \
  -DSTRCODE=2 -DSTRING=2 -DCONST=2 -DENTRY=2 \
  -preset_vec=00h,intentry,init,end_init -ppowerup=CODE -pcinit=CODE \
  -pfunctab=ENTRY -k C:\Users\nicou\AppData\Local\Temp\xcAsi54.o \
  dist/default/production\MP2-Maestro.X.production.o 

Object code version is 3.11

Machine type is 16F887



                Name                               Link     Load   Length Selector   Space Scale
C:\Users\nicou\AppData\Local\Temp\xcAsi54.o
                end_init                              0        0        3        0       0
                config                             2007     2007        2        0       4
dist/default/production\MP2-Maestro.X.production.o
                cinit                               7F8      7F8        8      FF0       0
                config                             2007     2007        2        0       4
                text18                              5F5      5F5        D      BEA       0
                text17                              5D3      5D3        B      BA6       0
                text16                              5C1      5C1        9      B82       0
                text15                              5CA      5CA        9      B94       0
                text14                              5DE      5DE        B      BBC       0
                text13                              62F      62F       18      C5E       0
                text12                              5B9      5B9        8      B72       0
                text11                              602      602        F      C04       0
                text10                              611      611        F      C22       0
                text9                               5E9      5E9        C      BD2       0
                text8                               743      743       4F      E86       0
                text7                               6AF      6AF       29      D5E       0
                text6                               620      620        F      C40       0
                text5                               68A      68A       25      D14       0
                text4                               666      666       24      CCC       0
                text3                               792      792       66      F24       0
                text2                               705      705       3E      E0A       0
                text1                               647      647       1F      C8E       0
                maintext                            6D8      6D8       2D      DB0       0
                cstackBANK0                          20       20        B       20       1
                cstackCOMMON                         70       70        E       70       1
                bssBANK0                             2B       2B        2       20       1
                strings                               3        3       15        6       0

TOTAL           Name                               Link     Load   Length     Space
        CLASS   STACK          

        CLASS   CODE           
                end_init                              0        0        3         0
                cinit                               7F8      7F8        8         0
                text18                              5F5      5F5        D         0
                text17                              5D3      5D3        B         0
                text16                              5C1      5C1        9         0
                text15                              5CA      5CA        9         0
                text14                              5DE      5DE        B         0
                text13                              62F      62F       18         0
                text12                              5B9      5B9        8         0
                text11                              602      602        F         0
                text10                              611      611        F         0
                text9                               5E9      5E9        C         0
                text8                               743      743       4F         0
                text7                               6AF      6AF       29         0
                text6                               620      620        F         0
                text5                               68A      68A       25         0
                text4                               666      666       24         0
                text3                               792      792       66         0
                text2                               705      705       3E         0
                text1                               647      647       1F         0
                maintext                            6D8      6D8       2D         0

        CLASS   STRCODE        

        CLASS   STRING         
                strings                               3        3       15         0

        CLASS   CONST          

        CLASS   ENTRY          

        CLASS   COMMON         
                cstackCOMMON                         70       70        E         1

        CLASS   BANK0          
                cstackBANK0                          20       20        B         1
                bssBANK0                             2B       2B        2         1

        CLASS   BANK1          

        CLASS   BANK2          

        CLASS   BANK3          

        CLASS   RAM            

        CLASS   ABS1           
                abs_s1                               7E       7E        2         1

        CLASS   SFR0           

        CLASS   SFR1           

        CLASS   SFR2           

        CLASS   SFR3           

        CLASS   CONFIG         
                config                             2007     2007        2         4

        CLASS   IDLOC          

        CLASS   EEDATA         



SEGMENTS        Name                           Load    Length   Top    Selector   Space  Class     Delta

                reset_vec                      000000  000003  000003         0       0  CODE        2
                strings                        000003  000015  000018         6       0  STRING      2
                cstackBANK0                    000020  00000D  00002D        20       1  BANK0       1
                cstackCOMMON                   000070  00000E  00007E        70       1  COMMON      1
                text12                         0005B9  000008  0005C1       B72       0  CODE        2
                text16                         0005C1  000009  0005CA       B82       0  CODE        2
                text15                         0005CA  000009  0005D3       B94       0  CODE        2
                text17                         0005D3  00000B  0005DE       BA6       0  CODE        2
                text14                         0005DE  00000B  0005E9       BBC       0  CODE        2
                text9                          0005E9  00000C  0005F5       BD2       0  CODE        2
                text18                         0005F5  00000D  000602       BEA       0  CODE        2
                text11                         000602  00000F  000611       C04       0  CODE        2
                text10                         000611  00000F  000620       C22       0  CODE        2
                text6                          000620  00000F  00062F       C40       0  CODE        2
                text13                         00062F  000018  000647       C5E       0  CODE        2
                text1                          000647  00001F  000666       C8E       0  CODE        2
                text4                          000666  000024  00068A       CCC       0  CODE        2
                text5                          00068A  000025  0006AF       D14       0  CODE        2
                text7                          0006AF  000029  0006D8       D5E       0  CODE        2
                maintext                       0006D8  00002D  000705       DB0       0  CODE        2
                text2                          000705  00003E  000743       E0A       0  CODE        2
                text8                          000743  00004F  000792       E86       0  CODE        2
                text3                          000792  000066  0007F8       F24       0  CODE        2
                cinit                          0007F8  000008  000800       FF0       0  CODE        2


UNUSED ADDRESS RANGES

        Name                Unused          Largest block    Delta
        BANK0            002D-006F             43           1
        BANK1            00A0-00EF             50           1
        BANK2            0110-016F             60           1
        BANK3            0190-01EF             60           1
        CODE             0018-05B8            5A1           2
                         0800-1FFF            800
        CONST            0018-05B8            100           2
                         0800-1FFF            100
        EEDATA           2100-21FF            100           2
        ENTRY            0018-05B8            100           2
                         0800-1FFF            100
        IDLOC            2000-2003              4           2
        RAM              002D-006F             43           1
                         00A0-00EF             50
                         0110-016F             60
                         0190-01EF             60
        SFR0             0000-001F             20           1
        SFR1             0080-009F             20           1
        SFR2             0100-010F             10           1
        SFR3             0180-018F             10           1
        STACK            0110-016F             60           1
        STRCODE          0018-05B8            5A1           2
                         0800-1FFF           1800
        STRING           0018-05B8            100           2
                         0800-1FFF            100

                                  Symbol Table

?___lldiv                 cstackCOMMON 0070
LCD_CMD@cmd               cstackCOMMON 0072
LCD_setCursor@columna     cstackCOMMON 0073
LCD_setCursor@fila        cstackCOMMON 0074
LCD_write@value           cstackCOMMON 0072
LCD_writeString@i         cstackCOMMON 0073
LCD_writeString@text      cstackCOMMON 0075
_ANSEL                    (abs)        0188
_ANSELH                   (abs)        0189
_LCD_CMD                  text9        05E9
_LCD_START                text8        0743
_LCD_setCursor            text7        06AF
_LCD_write                text6        0620
_LCD_writeString          text5        068A
_OSCCONbits               (abs)        008F
_PORTA                    (abs)        0005
_PORTB                    (abs)        0006
_PORTD                    (abs)        0008
_RD6                      (abs)        0046
_RD7                      (abs)        0047
_SSPADD                   (abs)        0093
_SSPBUF                   (abs)        0013
_SSPCON                   (abs)        0014
_SSPCON2                  (abs)        0091
_SSPCON2bits              (abs)        0091
_SSPCONbits               (abs)        0014
_SSPSTAT                  (abs)        0094
_TRISA                    (abs)        0085
_TRISB                    (abs)        0086
_TRISCbits                (abs)        0087
_TRISD                    (abs)        0088
__Habs1                   abs1         0000
__Hbank0                  bank0        0000
__Hbank1                  bank1        0000
__Hbank2                  bank2        0000
__Hbank3                  bank3        0000
__HbssBANK0               bssBANK0     0000
__Hcinit                  cinit        0800
__Hclrtext                clrtext      0000
__Hcode                   code         0000
__Hcommon                 common       0000
__Hconfig                 config       2009
__HcstackBANK0            cstackBANK0  0000
__HcstackCOMMON           cstackCOMMON 0000
__Heeprom_data            eeprom_data  0000
__Hend_init               end_init     0003
__Hfunctab                functab      0000
__Hinit                   init         0000
__Hintentry               intentry     0000
__Hmaintext               maintext     0000
__Hpowerup                powerup      0000
__Hram                    ram          0000
__Hreset_vec              reset_vec    0000
__Hsfr0                   sfr0         0000
__Hsfr1                   sfr1         0000
__Hsfr2                   sfr2         0000
__Hsfr3                   sfr3         0000
__Hspace_0                (abs)        0800
__Hspace_1                (abs)        007E
__Hspace_2                (abs)        0000
__Hspace_3                (abs)        0000
__Hspace_4                (abs)        4010
__Hstack                  stack        0000
__Hstrings                strings      0000
__Htext                   text         0000
__Labs1                   abs1         0000
__Lbank0                  bank0        0000
__Lbank1                  bank1        0000
__Lbank2                  bank2        0000
__Lbank3                  bank3        0000
__LbssBANK0               bssBANK0     0000
__Lcinit                  cinit        07F8
__Lclrtext                clrtext      0000
__Lcode                   code         0000
__Lcommon                 common       0000
__Lconfig                 config       0000
__LcstackBANK0            cstackBANK0  0000
__LcstackCOMMON           cstackCOMMON 0000
__Leeprom_data            eeprom_data  0000
__Lend_init               end_init     0000
__Lfunctab                functab      0000
__Linit                   init         0000
__Lintentry               intentry     0000
__Lmaintext               maintext     0000
__Lpowerup                powerup      0000
__Lram                    ram          0000
__Lreset_vec              reset_vec    0000
__Lsfr0                   sfr0         0000
__Lsfr1                   sfr1         0000
__Lsfr2                   sfr2         0000
__Lsfr3                   sfr3         0000
__Lspace_0                (abs)        0000
__Lspace_1                (abs)        0000
__Lspace_2                (abs)        0000
__Lspace_3                (abs)        0000
__Lspace_4                (abs)        0000
__Lstack                  stack        0000
__Lstrings                strings      0000
__Ltext                   text         0000
__S0                      (abs)        0800
__S1                      (abs)        007E
__S2                      (abs)        0000
__S3                      (abs)        0000
___int_sp                 stack        0000
___latbits                (abs)        0002
___lldiv                  text3        0792
___lldiv@counter          cstackCOMMON 007D
___lldiv@dividend         cstackCOMMON 0074
___lldiv@divisor          cstackCOMMON 0070
___lldiv@quotient         cstackCOMMON 0079
___sp                     stack        0000
___stackhi                (abs)        0000
___stacklo                (abs)        0000
__end_of_LCD_CMD          text9        05F5
__end_of_LCD_START        text8        0792
__end_of_LCD_setCursor    text7        06D8
__end_of_LCD_write        text6        062F
__end_of_LCD_writeString  text5        06AF
__end_of___lldiv          text3        07F8
__end_of__initialization  cinit        07FC
__end_of__stringtab       strings      0009
__end_of_config_clock     text12       05C1
__end_of_config_io        text11       0611
__end_of_config_lcd       text4        068A
__end_of_flip_EN          text10       0620
__end_of_i2c_MW           text13       0647
__end_of_i2c_MasterInit   text2        0743
__end_of_i2c_MasterSS     text17       05DE
__end_of_i2c_MasterStart  text16       05CA
__end_of_i2c_MasterStop   text15       05D3
__end_of_i2c_MasterWait   text18       0602
__end_of_i2c_MasterWrite  text14       05E9
__end_of_main             maintext     0705
__end_of_setup            text1        0666
__initialization          cinit        07F8
__pbssBANK0               bssBANK0     002B
__pcstackBANK0            cstackBANK0  0020
__pcstackCOMMON           cstackCOMMON 0070
__pmaintext               maintext     06D8
__pstrings                strings      0003
__ptext1                  text1        0647
__ptext10                 text10       0611
__ptext11                 text11       0602
__ptext12                 text12       05B9
__ptext13                 text13       062F
__ptext14                 text14       05DE
__ptext15                 text15       05CA
__ptext16                 text16       05C1
__ptext17                 text17       05D3
__ptext18                 text18       05F5
__ptext2                  text2        0705
__ptext3                  text3        0792
__ptext4                  text4        0666
__ptext5                  text5        068A
__ptext6                  text6        0620
__ptext7                  text7        06AF
__ptext8                  text8        0743
__ptext9                  text9        05E9
__size_of_LCD_CMD         (abs)        0000
__size_of_LCD_START       (abs)        0000
__size_of_LCD_setCursor   (abs)        0000
__size_of_LCD_write       (abs)        0000
__size_of_LCD_writeString (abs)        0000
__size_of___lldiv         (abs)        0000
__size_of_config_clock    (abs)        0000
__size_of_config_io       (abs)        0000
__size_of_config_lcd      (abs)        0000
__size_of_flip_EN         (abs)        0000
__size_of_i2c_MW          (abs)        0000
__size_of_i2c_MasterInit  (abs)        0000
__size_of_i2c_MasterSS    (abs)        0000
__size_of_i2c_MasterStart (abs)        0000
__size_of_i2c_MasterStop  (abs)        0000
__size_of_i2c_MasterWait  (abs)        0000
__size_of_i2c_MasterWrite (abs)        0000
__size_of_main            (abs)        0000
__size_of_setup           (abs)        0000
__stringbase              strings      0008
__stringtab               strings      0003
_config_clock             text12       05B9
_config_io                text11       0602
_config_lcd               text4        0666
_data                     bssBANK0     002B
_flip_EN                  text10       0611
_i2c_MW                   text13       062F
_i2c_MasterInit           text2        0705
_i2c_MasterSS             text17       05D3
_i2c_MasterStart          text16       05C1
_i2c_MasterStop           text15       05CA
_i2c_MasterWait           text18       05F5
_i2c_MasterWrite          text14       05DE
_main                     maintext     06D8
_setup                    text1        0647
btemp                     (abs)        007E
end_of_initialization     cinit        07FC
i2c_MW@address            cstackCOMMON 0072
i2c_MW@messege            cstackCOMMON 0071
i2c_MasterInit@freq       cstackBANK0  0020
i2c_MasterSS@address      cstackCOMMON 0070
i2c_MasterWrite@dato      cstackCOMMON 0070
intlevel0                 functab      0000
intlevel1                 functab      0000
intlevel2                 functab      0000
intlevel3                 functab      0000
intlevel4                 functab      0000
intlevel5                 functab      0000
reset_vec                 reset_vec    0000
start                     init         0000
start_initialization      cinit        07F8
wtemp0                    (abs)        007E


MODULE INFORMATION

Module		Function		Class		Link	Load	Size
C:/Users/nicou/OneDrive/Documents/2022/1er_semestre/Digital_2/MiniProy2/MP2-Maestro.X/i2c.c
		_i2c_MasterStart		CODE           	05C1	0000	9
		_i2c_MasterSS  		CODE           	05D3	0000	11
		_i2c_MasterWait		CODE           	05F5	0000	13
		_i2c_MasterInit		CODE           	0705	0000	62
		_i2c_MasterStop		CODE           	05CA	0000	9
		_i2c_MW        		CODE           	062F	0000	24
		_i2c_MasterWrite		CODE           	05DE	0000	11

C:/Users/nicou/OneDrive/Documents/2022/1er_semestre/Digital_2/MiniProy2/MP2-Maestro.X/i2c.c estimated size: 139

lcd_8bitsA.c
		_LCD_CMD       		CODE           	05E9	0000	12
		_LCD_START     		CODE           	0743	0000	79
		_LCD_write     		CODE           	0620	0000	15
		_flip_EN       		CODE           	0611	0000	15
		_LCD_setCursor 		CODE           	06AF	0000	41
		_LCD_writeString		CODE           	068A	0000	37

lcd_8bitsA.c estimated size: 199

shared
		__stringtab    		STRING         	0003	0000	6
		__initialization		CODE           	07F8	0000	4

shared estimated size: 10

C:/Users/nicou/OneDrive/Documents/2022/1er_semestre/Digital_2/MiniProy2/MP2-Maestro.X/main.c
		_main          		CODE           	06D8	0000	45
		_setup         		CODE           	0647	0000	31
		_config_io     		CODE           	0602	0000	15
		_config_lcd    		CODE           	0666	0000	36
		_config_clock  		CODE           	05B9	0000	8

C:/Users/nicou/OneDrive/Documents/2022/1er_semestre/Digital_2/MiniProy2/MP2-Maestro.X/main.c estimated size: 135

C:\Program Files\Microchip\xc8\v2.32\pic\sources\c90\common\__lldiv.c
		___lldiv       		CODE           	0792	0000	102

C:\Program Files\Microchip\xc8\v2.32\pic\sources\c90\common\__lldiv.c estimated size: 102

