Microchip MPLAB XC8 Compiler V2.32

Linker command line:

-W-3 --edf=C:\Program Files\Microchip\xc8\v2.32\pic\dat\en_msgs.txt -cn \
  -h+dist/default/production\MP2-Maestro.X.production.sym \
  --cmf=dist/default/production\MP2-Maestro.X.production.cmf -z -Q16F887 \
  -oC:\Users\nicou\AppData\Local\Temp\xcAsdf8.5 --defsym=__MPLAB_BUILD=1 \
  -Mdist/default/production/MP2-Maestro.X.production.map -E1 \
  -ver=XC8 Compiler --acfsm=1493 -ASTACK=0110h-016Fh -pstack=STACK \
  -ACODE=00h-07FFhx4 -ASTRCODE=00h-01FFFh -ASTRING=00h-0FFhx32 \
  -ACONST=00h-0FFhx32 -AENTRY=00h-0FFhx32 -ACOMMON=070h-07Fh \
  -ABANK0=020h-06Fh -ABANK1=0A0h-0EFh -ABANK2=0110h-016Fh \
  -ABANK3=0190h-01EFh -ARAM=020h-06Fh,0A0h-0EFh,0110h-016Fh,0190h-01EFh \
  -AABS1=020h-07Fh,0A0h-0EFh,0110h-016Fh,0190h-01EFh -ASFR0=00h-01Fh \
  -ASFR1=080h-09Fh -ASFR2=0100h-010Fh -ASFR3=0180h-018Fh \
  -ACONFIG=02007h-02008h -DCONFIG=2 -AIDLOC=02000h-02003h -DIDLOC=2 \
  -AEEDATA=00h-0FFh/02100h -peeprom_data=EEDATA -DEEDATA=2 -DCODE=2 \
  -DSTRCODE=2 -DSTRING=2 -DCONST=2 -DENTRY=2 \
  -preset_vec=00h,intentry,init,end_init -ppowerup=CODE -pcinit=CODE \
  -pfunctab=ENTRY -k C:\Users\nicou\AppData\Local\Temp\xcAsdf8.o \
  dist/default/production\MP2-Maestro.X.production.o 

Object code version is 3.11

Machine type is 16F887



                Name                               Link     Load   Length Selector   Space Scale
C:\Users\nicou\AppData\Local\Temp\xcAsdf8.o
                end_init                              0        0        3        0       0
                config                             2007     2007        2        0       4
dist/default/production\MP2-Maestro.X.production.o
                cinit                               7FC      7FC        4      FF8       0
                config                             2007     2007        2        0       4
                text18                              603      603        D      C06       0
                text17                              5E1      5E1        B      BC2       0
                text16                              5CF      5CF        9      B9E       0
                text15                              5D8      5D8        9      BB0       0
                text14                              5EC      5EC        B      BD8       0
                text13                              63D      63D       18      C7A       0
                text12                              5C7      5C7        8      B8E       0
                text11                              610      610        F      C20       0
                text10                              61F      61F        F      C3E       0
                text9                               5F7      5F7        C      BEE       0
                text8                               747      747       4F      E8E       0
                text7                               6E0      6E0       29      DC0       0
                text6                               62E      62E        F      C5C       0
                text5                               6BB      6BB       25      D76       0
                text4                               697      697       24      D2E       0
                text3                               796      796       66      F2C       0
                text2                               709      709       3E      E12       0
                text1                               655      655       1F      CAA       0
                maintext                            674      674       23      CE8       0
                cstackBANK0                          20       20        B       20       1
                cstackCOMMON                         70       70        E       70       1
                strings                               3        3       15        6       0

TOTAL           Name                               Link     Load   Length     Space
        CLASS   STACK          

        CLASS   CODE           
                end_init                              0        0        3         0
                cinit                               7FC      7FC        4         0
                text18                              603      603        D         0
                text17                              5E1      5E1        B         0
                text16                              5CF      5CF        9         0
                text15                              5D8      5D8        9         0
                text14                              5EC      5EC        B         0
                text13                              63D      63D       18         0
                text12                              5C7      5C7        8         0
                text11                              610      610        F         0
                text10                              61F      61F        F         0
                text9                               5F7      5F7        C         0
                text8                               747      747       4F         0
                text7                               6E0      6E0       29         0
                text6                               62E      62E        F         0
                text5                               6BB      6BB       25         0
                text4                               697      697       24         0
                text3                               796      796       66         0
                text2                               709      709       3E         0
                text1                               655      655       1F         0
                maintext                            674      674       23         0

        CLASS   STRCODE        

        CLASS   STRING         
                strings                               3        3       15         0

        CLASS   CONST          

        CLASS   ENTRY          

        CLASS   COMMON         
                cstackCOMMON                         70       70        E         1

        CLASS   BANK0          
                cstackBANK0                          20       20        B         1

        CLASS   BANK1          

        CLASS   BANK2          

        CLASS   BANK3          

        CLASS   RAM            

        CLASS   ABS1           
                abs_s1                               7E       7E        2         1

        CLASS   SFR0           

        CLASS   SFR1           

        CLASS   SFR2           

        CLASS   SFR3           

        CLASS   CONFIG         
                config                             2007     2007        2         4

        CLASS   IDLOC          

        CLASS   EEDATA         



SEGMENTS        Name                           Load    Length   Top    Selector   Space  Class     Delta

                reset_vec                      000000  000003  000003         0       0  CODE        2
                strings                        000003  000015  000018         6       0  STRING      2
                cstackBANK0                    000020  00000B  00002B        20       1  BANK0       1
                cstackCOMMON                   000070  00000E  00007E        70       1  COMMON      1
                text12                         0005C7  000008  0005CF       B8E       0  CODE        2
                text16                         0005CF  000009  0005D8       B9E       0  CODE        2
                text15                         0005D8  000009  0005E1       BB0       0  CODE        2
                text17                         0005E1  00000B  0005EC       BC2       0  CODE        2
                text14                         0005EC  00000B  0005F7       BD8       0  CODE        2
                text9                          0005F7  00000C  000603       BEE       0  CODE        2
                text18                         000603  00000D  000610       C06       0  CODE        2
                text11                         000610  00000F  00061F       C20       0  CODE        2
                text10                         00061F  00000F  00062E       C3E       0  CODE        2
                text6                          00062E  00000F  00063D       C5C       0  CODE        2
                text13                         00063D  000018  000655       C7A       0  CODE        2
                text1                          000655  00001F  000674       CAA       0  CODE        2
                maintext                       000674  000023  000697       CE8       0  CODE        2
                text4                          000697  000024  0006BB       D2E       0  CODE        2
                text5                          0006BB  000025  0006E0       D76       0  CODE        2
                text7                          0006E0  000029  000709       DC0       0  CODE        2
                text2                          000709  00003E  000747       E12       0  CODE        2
                text8                          000747  00004F  000796       E8E       0  CODE        2
                text3                          000796  000066  0007FC       F2C       0  CODE        2
                cinit                          0007FC  000004  000800       FF8       0  CODE        2


UNUSED ADDRESS RANGES

        Name                Unused          Largest block    Delta
        BANK0            002B-006F             45           1
        BANK1            00A0-00EF             50           1
        BANK2            0110-016F             60           1
        BANK3            0190-01EF             60           1
        CODE             0018-05C6            5AF           2
                         0800-1FFF            800
        CONST            0018-05C6            100           2
                         0800-1FFF            100
        EEDATA           2100-21FF            100           2
        ENTRY            0018-05C6            100           2
                         0800-1FFF            100
        IDLOC            2000-2003              4           2
        RAM              002B-006F             45           1
                         00A0-00EF             50
                         0110-016F             60
                         0190-01EF             60
        SFR0             0000-001F             20           1
        SFR1             0080-009F             20           1
        SFR2             0100-010F             10           1
        SFR3             0180-018F             10           1
        STACK            0110-016F             60           1
        STRCODE          0018-05C6            5AF           2
                         0800-1FFF           1800
        STRING           0018-05C6            100           2
                         0800-1FFF            100

                                  Symbol Table

?___lldiv                 cstackCOMMON 0070
LCD_CMD@cmd               cstackCOMMON 0072
LCD_setCursor@columna     cstackCOMMON 0073
LCD_setCursor@fila        cstackCOMMON 0074
LCD_write@value           cstackCOMMON 0072
LCD_writeString@i         cstackCOMMON 0073
LCD_writeString@text      cstackCOMMON 0075
_ANSEL                    (abs)        0188
_ANSELH                   (abs)        0189
_LCD_CMD                  text9        05F7
_LCD_START                text8        0747
_LCD_setCursor            text7        06E0
_LCD_write                text6        062E
_LCD_writeString          text5        06BB
_OSCCONbits               (abs)        008F
_PORTA                    (abs)        0005
_PORTB                    (abs)        0006
_PORTD                    (abs)        0008
_RD6                      (abs)        0046
_RD7                      (abs)        0047
_SSPADD                   (abs)        0093
_SSPBUF                   (abs)        0013
_SSPCON                   (abs)        0014
_SSPCON2                  (abs)        0091
_SSPCON2bits              (abs)        0091
_SSPCONbits               (abs)        0014
_SSPSTAT                  (abs)        0094
_TRISA                    (abs)        0085
_TRISB                    (abs)        0086
_TRISCbits                (abs)        0087
_TRISD                    (abs)        0088
__Habs1                   abs1         0000
__Hbank0                  bank0        0000
__Hbank1                  bank1        0000
__Hbank2                  bank2        0000
__Hbank3                  bank3        0000
__Hcinit                  cinit        0800
__Hclrtext                clrtext      0000
__Hcode                   code         0000
__Hcommon                 common       0000
__Hconfig                 config       2009
__HcstackBANK0            cstackBANK0  0000
__HcstackCOMMON           cstackCOMMON 0000
__Heeprom_data            eeprom_data  0000
__Hend_init               end_init     0003
__Hfunctab                functab      0000
__Hinit                   init         0000
__Hintentry               intentry     0000
__Hmaintext               maintext     0000
__Hpowerup                powerup      0000
__Hram                    ram          0000
__Hreset_vec              reset_vec    0000
__Hsfr0                   sfr0         0000
__Hsfr1                   sfr1         0000
__Hsfr2                   sfr2         0000
__Hsfr3                   sfr3         0000
__Hspace_0                (abs)        0800
__Hspace_1                (abs)        007E
__Hspace_2                (abs)        0000
__Hspace_3                (abs)        0000
__Hspace_4                (abs)        4010
__Hstack                  stack        0000
__Hstrings                strings      0000
__Htext                   text         0000
__Labs1                   abs1         0000
__Lbank0                  bank0        0000
__Lbank1                  bank1        0000
__Lbank2                  bank2        0000
__Lbank3                  bank3        0000
__Lcinit                  cinit        07FC
__Lclrtext                clrtext      0000
__Lcode                   code         0000
__Lcommon                 common       0000
__Lconfig                 config       0000
__LcstackBANK0            cstackBANK0  0000
__LcstackCOMMON           cstackCOMMON 0000
__Leeprom_data            eeprom_data  0000
__Lend_init               end_init     0000
__Lfunctab                functab      0000
__Linit                   init         0000
__Lintentry               intentry     0000
__Lmaintext               maintext     0000
__Lpowerup                powerup      0000
__Lram                    ram          0000
__Lreset_vec              reset_vec    0000
__Lsfr0                   sfr0         0000
__Lsfr1                   sfr1         0000
__Lsfr2                   sfr2         0000
__Lsfr3                   sfr3         0000
__Lspace_0                (abs)        0000
__Lspace_1                (abs)        0000
__Lspace_2                (abs)        0000
__Lspace_3                (abs)        0000
__Lspace_4                (abs)        0000
__Lstack                  stack        0000
__Lstrings                strings      0000
__Ltext                   text         0000
__S0                      (abs)        0800
__S1                      (abs)        007E
__S2                      (abs)        0000
__S3                      (abs)        0000
___int_sp                 stack        0000
___latbits                (abs)        0002
___lldiv                  text3        0796
___lldiv@counter          cstackCOMMON 007D
___lldiv@dividend         cstackCOMMON 0074
___lldiv@divisor          cstackCOMMON 0070
___lldiv@quotient         cstackCOMMON 0079
___sp                     stack        0000
___stackhi                (abs)        0000
___stacklo                (abs)        0000
__end_of_LCD_CMD          text9        0603
__end_of_LCD_START        text8        0796
__end_of_LCD_setCursor    text7        0709
__end_of_LCD_write        text6        063D
__end_of_LCD_writeString  text5        06E0
__end_of___lldiv          text3        07FC
__end_of__initialization  cinit        07FC
__end_of__stringtab       strings      0009
__end_of_config_clock     text12       05CF
__end_of_config_io        text11       061F
__end_of_config_lcd       text4        06BB
__end_of_flip_EN          text10       062E
__end_of_i2c_MW           text13       0655
__end_of_i2c_MasterInit   text2        0747
__end_of_i2c_MasterSS     text17       05EC
__end_of_i2c_MasterStart  text16       05D8
__end_of_i2c_MasterStop   text15       05E1
__end_of_i2c_MasterWait   text18       0610
__end_of_i2c_MasterWrite  text14       05F7
__end_of_main             maintext     0697
__end_of_setup            text1        0674
__initialization          cinit        07FC
__pcstackBANK0            cstackBANK0  0020
__pcstackCOMMON           cstackCOMMON 0070
__pmaintext               maintext     0674
__pstrings                strings      0003
__ptext1                  text1        0655
__ptext10                 text10       061F
__ptext11                 text11       0610
__ptext12                 text12       05C7
__ptext13                 text13       063D
__ptext14                 text14       05EC
__ptext15                 text15       05D8
__ptext16                 text16       05CF
__ptext17                 text17       05E1
__ptext18                 text18       0603
__ptext2                  text2        0709
__ptext3                  text3        0796
__ptext4                  text4        0697
__ptext5                  text5        06BB
__ptext6                  text6        062E
__ptext7                  text7        06E0
__ptext8                  text8        0747
__ptext9                  text9        05F7
__size_of_LCD_CMD         (abs)        0000
__size_of_LCD_START       (abs)        0000
__size_of_LCD_setCursor   (abs)        0000
__size_of_LCD_write       (abs)        0000
__size_of_LCD_writeString (abs)        0000
__size_of___lldiv         (abs)        0000
__size_of_config_clock    (abs)        0000
__size_of_config_io       (abs)        0000
__size_of_config_lcd      (abs)        0000
__size_of_flip_EN         (abs)        0000
__size_of_i2c_MW          (abs)        0000
__size_of_i2c_MasterInit  (abs)        0000
__size_of_i2c_MasterSS    (abs)        0000
__size_of_i2c_MasterStart (abs)        0000
__size_of_i2c_MasterStop  (abs)        0000
__size_of_i2c_MasterWait  (abs)        0000
__size_of_i2c_MasterWrite (abs)        0000
__size_of_main            (abs)        0000
__size_of_setup           (abs)        0000
__stringbase              strings      0008
__stringtab               strings      0003
_config_clock             text12       05C7
_config_io                text11       0610
_config_lcd               text4        0697
_flip_EN                  text10       061F
_i2c_MW                   text13       063D
_i2c_MasterInit           text2        0709
_i2c_MasterSS             text17       05E1
_i2c_MasterStart          text16       05CF
_i2c_MasterStop           text15       05D8
_i2c_MasterWait           text18       0603
_i2c_MasterWrite          text14       05EC
_main                     maintext     0674
_setup                    text1        0655
btemp                     (abs)        007E
end_of_initialization     cinit        07FC
i2c_MW@address            cstackCOMMON 0072
i2c_MW@messege            cstackCOMMON 0071
i2c_MasterInit@freq       cstackBANK0  0020
i2c_MasterSS@address      cstackCOMMON 0070
i2c_MasterWrite@dato      cstackCOMMON 0070
intlevel0                 functab      0000
intlevel1                 functab      0000
intlevel2                 functab      0000
intlevel3                 functab      0000
intlevel4                 functab      0000
intlevel5                 functab      0000
reset_vec                 reset_vec    0000
start                     init         0000
start_initialization      cinit        07FC
wtemp0                    (abs)        007E


MODULE INFORMATION

Module		Function		Class		Link	Load	Size
C:/Users/nicou/OneDrive/Documents/2022/1er_semestre/Digital_2/MiniProy2/MP2-Maestro.X/i2c.c
		_i2c_MasterStart		CODE           	05CF	0000	9
		_i2c_MasterSS  		CODE           	05E1	0000	11
		_i2c_MasterWait		CODE           	0603	0000	13
		_i2c_MasterInit		CODE           	0709	0000	62
		_i2c_MasterStop		CODE           	05D8	0000	9
		_i2c_MW        		CODE           	063D	0000	24
		_i2c_MasterWrite		CODE           	05EC	0000	11

C:/Users/nicou/OneDrive/Documents/2022/1er_semestre/Digital_2/MiniProy2/MP2-Maestro.X/i2c.c estimated size: 139

lcd_8bitsA.c
		_LCD_CMD       		CODE           	05F7	0000	12
		_LCD_START     		CODE           	0747	0000	79
		_LCD_write     		CODE           	062E	0000	15
		_flip_EN       		CODE           	061F	0000	15
		_LCD_setCursor 		CODE           	06E0	0000	41
		_LCD_writeString		CODE           	06BB	0000	37

lcd_8bitsA.c estimated size: 199

shared
		__stringtab    		STRING         	0003	0000	6
		__initialization		CODE           	07FC	0000	1

shared estimated size: 7

C:/Users/nicou/OneDrive/Documents/2022/1er_semestre/Digital_2/MiniProy2/MP2-Maestro.X/main.c
		_main          		CODE           	0674	0000	35
		_setup         		CODE           	0655	0000	31
		_config_io     		CODE           	0610	0000	15
		_config_lcd    		CODE           	0697	0000	36
		_config_clock  		CODE           	05C7	0000	8

C:/Users/nicou/OneDrive/Documents/2022/1er_semestre/Digital_2/MiniProy2/MP2-Maestro.X/main.c estimated size: 125

C:\Program Files\Microchip\xc8\v2.32\pic\sources\c90\common\__lldiv.c
		___lldiv       		CODE           	0796	0000	102

C:\Program Files\Microchip\xc8\v2.32\pic\sources\c90\common\__lldiv.c estimated size: 102

