Microchip MPLAB XC8 Compiler V2.32

Linker command line:

-W-3 --edf=C:\Program Files\Microchip\xc8\v2.32\pic\dat\en_msgs.txt -cn \
  -h+dist/default/production\MP2-Maestro.X.production.sym \
  --cmf=dist/default/production\MP2-Maestro.X.production.cmf -z -Q16F887 \
  -oC:\Users\nicou\AppData\Local\Temp\xcAs724.4 --defsym=__MPLAB_BUILD=1 \
  -Mdist/default/production/MP2-Maestro.X.production.map -E1 \
  -ver=XC8 Compiler --acfsm=1493 -ASTACK=0110h-016Fh -pstack=STACK \
  -ACODE=00h-07FFhx4 -ASTRCODE=00h-01FFFh -ASTRING=00h-0FFhx32 \
  -ACONST=00h-0FFhx32 -AENTRY=00h-0FFhx32 -ACOMMON=070h-07Fh \
  -ABANK0=020h-06Fh -ABANK1=0A0h-0EFh -ABANK2=0110h-016Fh \
  -ABANK3=0190h-01EFh -ARAM=020h-06Fh,0A0h-0EFh,0110h-016Fh,0190h-01EFh \
  -AABS1=020h-07Fh,0A0h-0EFh,0110h-016Fh,0190h-01EFh -ASFR0=00h-01Fh \
  -ASFR1=080h-09Fh -ASFR2=0100h-010Fh -ASFR3=0180h-018Fh \
  -ACONFIG=02007h-02008h -DCONFIG=2 -AIDLOC=02000h-02003h -DIDLOC=2 \
  -AEEDATA=00h-0FFh/02100h -peeprom_data=EEDATA -DEEDATA=2 -DCODE=2 \
  -DSTRCODE=2 -DSTRING=2 -DCONST=2 -DENTRY=2 \
  -preset_vec=00h,intentry,init,end_init -ppowerup=CODE -pcinit=CODE \
  -pfunctab=ENTRY -k C:\Users\nicou\AppData\Local\Temp\xcAs724.o \
  dist/default/production\MP2-Maestro.X.production.o 

Object code version is 3.11

Machine type is 16F887



                Name                               Link     Load   Length Selector   Space Scale
C:\Users\nicou\AppData\Local\Temp\xcAs724.o
                end_init                              0        0        3        0       0
                config                             2007     2007        2        0       4
dist/default/production\MP2-Maestro.X.production.o
                cinit                               7F8      7F8        8      FF0       0
                config                             2007     2007        2        0       4
                text18                              5BA      5BA        D      B74       0
                text17                              6D6      6D6       2E      DAC       0
                text16                              5A3      5A3        B      B46       0
                text15                              591      591        9      B22       0
                text14                              59A      59A        9      B34       0
                text13                              65C      65C       26      CB8       0
                text12                              589      589        8      B12       0
                text11                              5C7      5C7        F      B8E       0
                text10                              5D6      5D6        F      BAC       0
                text9                               5AE      5AE        C      B5C       0
                text8                               743      743       4F      E86       0
                text7                               682      682       29      D04       0
                text6                               5E5      5E5        F      BCA       0
                text5                               637      637       25      C6E       0
                text4                               613      613       24      C26       0
                text3                               792      792       66      F24       0
                text2                               704      704       3F      E08       0
                text1                               5F4      5F4       1F      BE8       0
                maintext                            6AB      6AB       2B      D56       0
                cstackBANK0                          20       20        B       20       1
                cstackCOMMON                         70       70        E       70       1
                bssBANK0                             2B       2B        2       20       1
                strings                               3        3       15        6       0

TOTAL           Name                               Link     Load   Length     Space
        CLASS   STACK          

        CLASS   CODE           
                end_init                              0        0        3         0
                cinit                               7F8      7F8        8         0
                text18                              5BA      5BA        D         0
                text17                              6D6      6D6       2E         0
                text16                              5A3      5A3        B         0
                text15                              591      591        9         0
                text14                              59A      59A        9         0
                text13                              65C      65C       26         0
                text12                              589      589        8         0
                text11                              5C7      5C7        F         0
                text10                              5D6      5D6        F         0
                text9                               5AE      5AE        C         0
                text8                               743      743       4F         0
                text7                               682      682       29         0
                text6                               5E5      5E5        F         0
                text5                               637      637       25         0
                text4                               613      613       24         0
                text3                               792      792       66         0
                text2                               704      704       3F         0
                text1                               5F4      5F4       1F         0
                maintext                            6AB      6AB       2B         0

        CLASS   STRCODE        

        CLASS   STRING         
                strings                               3        3       15         0

        CLASS   CONST          

        CLASS   ENTRY          

        CLASS   COMMON         
                cstackCOMMON                         70       70        E         1

        CLASS   BANK0          
                cstackBANK0                          20       20        B         1
                bssBANK0                             2B       2B        2         1

        CLASS   BANK1          

        CLASS   BANK2          

        CLASS   BANK3          

        CLASS   RAM            

        CLASS   ABS1           
                abs_s1                               7E       7E        2         1

        CLASS   SFR0           

        CLASS   SFR1           

        CLASS   SFR2           

        CLASS   SFR3           

        CLASS   CONFIG         
                config                             2007     2007        2         4

        CLASS   IDLOC          

        CLASS   EEDATA         



SEGMENTS        Name                           Load    Length   Top    Selector   Space  Class     Delta

                reset_vec                      000000  000003  000003         0       0  CODE        2
                strings                        000003  000015  000018         6       0  STRING      2
                cstackBANK0                    000020  00000D  00002D        20       1  BANK0       1
                cstackCOMMON                   000070  00000E  00007E        70       1  COMMON      1
                text12                         000589  000008  000591       B12       0  CODE        2
                text15                         000591  000009  00059A       B22       0  CODE        2
                text14                         00059A  000009  0005A3       B34       0  CODE        2
                text16                         0005A3  00000B  0005AE       B46       0  CODE        2
                text9                          0005AE  00000C  0005BA       B5C       0  CODE        2
                text18                         0005BA  00000D  0005C7       B74       0  CODE        2
                text11                         0005C7  00000F  0005D6       B8E       0  CODE        2
                text10                         0005D6  00000F  0005E5       BAC       0  CODE        2
                text6                          0005E5  00000F  0005F4       BCA       0  CODE        2
                text1                          0005F4  00001F  000613       BE8       0  CODE        2
                text4                          000613  000024  000637       C26       0  CODE        2
                text5                          000637  000025  00065C       C6E       0  CODE        2
                text13                         00065C  000026  000682       CB8       0  CODE        2
                text7                          000682  000029  0006AB       D04       0  CODE        2
                maintext                       0006AB  00002B  0006D6       D56       0  CODE        2
                text17                         0006D6  00002E  000704       DAC       0  CODE        2
                text2                          000704  00003F  000743       E08       0  CODE        2
                text8                          000743  00004F  000792       E86       0  CODE        2
                text3                          000792  000066  0007F8       F24       0  CODE        2
                cinit                          0007F8  000008  000800       FF0       0  CODE        2


UNUSED ADDRESS RANGES

        Name                Unused          Largest block    Delta
        BANK0            002D-006F             43           1
        BANK1            00A0-00EF             50           1
        BANK2            0110-016F             60           1
        BANK3            0190-01EF             60           1
        CODE             0018-0588            571           2
                         0800-1FFF            800
        CONST            0018-0588            100           2
                         0800-1FFF            100
        EEDATA           2100-21FF            100           2
        ENTRY            0018-0588            100           2
                         0800-1FFF            100
        IDLOC            2000-2003              4           2
        RAM              002D-006F             43           1
                         00A0-00EF             50
                         0110-016F             60
                         0190-01EF             60
        SFR0             0000-001F             20           1
        SFR1             0080-009F             20           1
        SFR2             0100-010F             10           1
        SFR3             0180-018F             10           1
        STACK            0110-016F             60           1
        STRCODE          0018-0588            571           2
                         0800-1FFF           1800
        STRING           0018-0588            100           2
                         0800-1FFF            100

                                  Symbol Table

?___lldiv                 cstackCOMMON 0070
?_i2c_MasterRead          cstackCOMMON 0070
LCD_CMD@cmd               cstackCOMMON 0072
LCD_setCursor@columna     cstackCOMMON 0073
LCD_setCursor@fila        cstackCOMMON 0074
LCD_write@value           cstackCOMMON 0072
LCD_writeString@i         cstackCOMMON 0073
LCD_writeString@text      cstackCOMMON 0075
_ANSEL                    (abs)        0188
_ANSELH                   (abs)        0189
_LCD_CMD                  text9        05AE
_LCD_START                text8        0743
_LCD_setCursor            text7        0682
_LCD_write                text6        05E5
_LCD_writeString          text5        0637
_OSCCONbits               (abs)        008F
_PORTA                    (abs)        0005
_PORTB                    (abs)        0006
_PORTD                    (abs)        0008
_RD6                      (abs)        0046
_RD7                      (abs)        0047
_SSPADD                   (abs)        0093
_SSPBUF                   (abs)        0013
_SSPCON                   (abs)        0014
_SSPCON2                  (abs)        0091
_SSPCON2bits              (abs)        0091
_SSPCONbits               (abs)        0014
_SSPSTAT                  (abs)        0094
_TRISA                    (abs)        0085
_TRISB                    (abs)        0086
_TRISCbits                (abs)        0087
_TRISD                    (abs)        0088
__Habs1                   abs1         0000
__Hbank0                  bank0        0000
__Hbank1                  bank1        0000
__Hbank2                  bank2        0000
__Hbank3                  bank3        0000
__HbssBANK0               bssBANK0     0000
__Hcinit                  cinit        0800
__Hclrtext                clrtext      0000
__Hcode                   code         0000
__Hcommon                 common       0000
__Hconfig                 config       2009
__HcstackBANK0            cstackBANK0  0000
__HcstackCOMMON           cstackCOMMON 0000
__Heeprom_data            eeprom_data  0000
__Hend_init               end_init     0003
__Hfunctab                functab      0000
__Hinit                   init         0000
__Hintentry               intentry     0000
__Hmaintext               maintext     0000
__Hpowerup                powerup      0000
__Hram                    ram          0000
__Hreset_vec              reset_vec    0000
__Hsfr0                   sfr0         0000
__Hsfr1                   sfr1         0000
__Hsfr2                   sfr2         0000
__Hsfr3                   sfr3         0000
__Hspace_0                (abs)        0800
__Hspace_1                (abs)        007E
__Hspace_2                (abs)        0000
__Hspace_3                (abs)        0000
__Hspace_4                (abs)        4010
__Hstack                  stack        0000
__Hstrings                strings      0000
__Htext                   text         0000
__Labs1                   abs1         0000
__Lbank0                  bank0        0000
__Lbank1                  bank1        0000
__Lbank2                  bank2        0000
__Lbank3                  bank3        0000
__LbssBANK0               bssBANK0     0000
__Lcinit                  cinit        07F8
__Lclrtext                clrtext      0000
__Lcode                   code         0000
__Lcommon                 common       0000
__Lconfig                 config       0000
__LcstackBANK0            cstackBANK0  0000
__LcstackCOMMON           cstackCOMMON 0000
__Leeprom_data            eeprom_data  0000
__Lend_init               end_init     0000
__Lfunctab                functab      0000
__Linit                   init         0000
__Lintentry               intentry     0000
__Lmaintext               maintext     0000
__Lpowerup                powerup      0000
__Lram                    ram          0000
__Lreset_vec              reset_vec    0000
__Lsfr0                   sfr0         0000
__Lsfr1                   sfr1         0000
__Lsfr2                   sfr2         0000
__Lsfr3                   sfr3         0000
__Lspace_0                (abs)        0000
__Lspace_1                (abs)        0000
__Lspace_2                (abs)        0000
__Lspace_3                (abs)        0000
__Lspace_4                (abs)        0000
__Lstack                  stack        0000
__Lstrings                strings      0000
__Ltext                   text         0000
__S0                      (abs)        0800
__S1                      (abs)        007E
__S2                      (abs)        0000
__S3                      (abs)        0000
___int_sp                 stack        0000
___latbits                (abs)        0002
___lldiv                  text3        0792
___lldiv@counter          cstackCOMMON 007D
___lldiv@dividend         cstackCOMMON 0074
___lldiv@divisor          cstackCOMMON 0070
___lldiv@quotient         cstackCOMMON 0079
___sp                     stack        0000
___stackhi                (abs)        0000
___stacklo                (abs)        0000
__end_of_LCD_CMD          text9        05BA
__end_of_LCD_START        text8        0792
__end_of_LCD_setCursor    text7        06AB
__end_of_LCD_write        text6        05F4
__end_of_LCD_writeString  text5        065C
__end_of___lldiv          text3        07F8
__end_of__initialization  cinit        07FC
__end_of__stringtab       strings      0009
__end_of_config_clock     text12       0591
__end_of_config_io        text11       05D6
__end_of_config_lcd       text4        0637
__end_of_flip_EN          text10       05E5
__end_of_i2c_MR           text13       0682
__end_of_i2c_MasterInit   text2        0743
__end_of_i2c_MasterRead   text17       0704
__end_of_i2c_MasterSS     text16       05AE
__end_of_i2c_MasterStart  text15       059A
__end_of_i2c_MasterStop   text14       05A3
__end_of_i2c_MasterWait   text18       05C7
__end_of_main             maintext     06D6
__end_of_setup            text1        0613
__initialization          cinit        07F8
__pbssBANK0               bssBANK0     002B
__pcstackBANK0            cstackBANK0  0020
__pcstackCOMMON           cstackCOMMON 0070
__pmaintext               maintext     06AB
__pstrings                strings      0003
__ptext1                  text1        05F4
__ptext10                 text10       05D6
__ptext11                 text11       05C7
__ptext12                 text12       0589
__ptext13                 text13       065C
__ptext14                 text14       059A
__ptext15                 text15       0591
__ptext16                 text16       05A3
__ptext17                 text17       06D6
__ptext18                 text18       05BA
__ptext2                  text2        0704
__ptext3                  text3        0792
__ptext4                  text4        0613
__ptext5                  text5        0637
__ptext6                  text6        05E5
__ptext7                  text7        0682
__ptext8                  text8        0743
__ptext9                  text9        05AE
__size_of_LCD_CMD         (abs)        0000
__size_of_LCD_START       (abs)        0000
__size_of_LCD_setCursor   (abs)        0000
__size_of_LCD_write       (abs)        0000
__size_of_LCD_writeString (abs)        0000
__size_of___lldiv         (abs)        0000
__size_of_config_clock    (abs)        0000
__size_of_config_io       (abs)        0000
__size_of_config_lcd      (abs)        0000
__size_of_flip_EN         (abs)        0000
__size_of_i2c_MR          (abs)        0000
__size_of_i2c_MasterInit  (abs)        0000
__size_of_i2c_MasterRead  (abs)        0000
__size_of_i2c_MasterSS    (abs)        0000
__size_of_i2c_MasterStart (abs)        0000
__size_of_i2c_MasterStop  (abs)        0000
__size_of_i2c_MasterWait  (abs)        0000
__size_of_main            (abs)        0000
__size_of_setup           (abs)        0000
__stringbase              strings      0008
__stringtab               strings      0003
_config_clock             text12       0589
_config_io                text11       05C7
_config_lcd               text4        0613
_data                     bssBANK0     002B
_flip_EN                  text10       05D6
_i2c_MR                   text13       065C
_i2c_MasterInit           text2        0704
_i2c_MasterRead           text17       06D6
_i2c_MasterSS             text16       05A3
_i2c_MasterStart          text15       0591
_i2c_MasterStop           text14       059A
_i2c_MasterWait           text18       05BA
_main                     maintext     06AB
_setup                    text1        05F4
btemp                     (abs)        007E
end_of_initialization     cinit        07FC
i2c_MR@address            cstackCOMMON 0078
i2c_MR@temp               cstackCOMMON 0079
i2c_MR@value              cstackCOMMON 0076
i2c_MasterInit@freq       cstackBANK0  0020
i2c_MasterRead@d          cstackCOMMON 0070
i2c_MasterRead@temp       cstackCOMMON 0074
i2c_MasterSS@address      cstackCOMMON 0070
intlevel0                 functab      0000
intlevel1                 functab      0000
intlevel2                 functab      0000
intlevel3                 functab      0000
intlevel4                 functab      0000
intlevel5                 functab      0000
reset_vec                 reset_vec    0000
start                     init         0000
start_initialization      cinit        07F8
wtemp0                    (abs)        007E


MODULE INFORMATION

Module		Function		Class		Link	Load	Size
C:/Users/nicou/OneDrive/Documents/2022/1er_semestre/Digital_2/MiniProy2/MP2-Maestro.X/i2c.c
		_i2c_MasterStart		CODE           	0591	0000	9
		_i2c_MR        		CODE           	065C	0000	38
		_i2c_MasterSS  		CODE           	05A3	0000	11
		_i2c_MasterRead		CODE           	06D6	0000	46
		_i2c_MasterWait		CODE           	05BA	0000	13
		_i2c_MasterInit		CODE           	0704	0000	63
		_i2c_MasterStop		CODE           	059A	0000	9

C:/Users/nicou/OneDrive/Documents/2022/1er_semestre/Digital_2/MiniProy2/MP2-Maestro.X/i2c.c estimated size: 189

lcd_8bitsA.c
		_LCD_CMD       		CODE           	05AE	0000	12
		_LCD_START     		CODE           	0743	0000	79
		_LCD_write     		CODE           	05E5	0000	15
		_flip_EN       		CODE           	05D6	0000	15
		_LCD_setCursor 		CODE           	0682	0000	41
		_LCD_writeString		CODE           	0637	0000	37

lcd_8bitsA.c estimated size: 199

shared
		__stringtab    		STRING         	0003	0000	6
		__initialization		CODE           	07F8	0000	4

shared estimated size: 10

C:/Users/nicou/OneDrive/Documents/2022/1er_semestre/Digital_2/MiniProy2/MP2-Maestro.X/main.c
		_main          		CODE           	06AB	0000	43
		_setup         		CODE           	05F4	0000	31
		_config_io     		CODE           	05C7	0000	15
		_config_lcd    		CODE           	0613	0000	36
		_config_clock  		CODE           	0589	0000	8

C:/Users/nicou/OneDrive/Documents/2022/1er_semestre/Digital_2/MiniProy2/MP2-Maestro.X/main.c estimated size: 133

C:\Program Files\Microchip\xc8\v2.32\pic\sources\c90\common\__lldiv.c
		___lldiv       		CODE           	0792	0000	102

C:\Program Files\Microchip\xc8\v2.32\pic\sources\c90\common\__lldiv.c estimated size: 102

