Microchip MPLAB XC8 Compiler V2.32

Linker command line:

-W-3 --edf=C:\Program Files\Microchip\xc8\v2.32\pic\dat\en_msgs.txt -cn \
  -h+dist/default/production\MP2-Maestro.X.production.sym \
  --cmf=dist/default/production\MP2-Maestro.X.production.cmf -z -Q16F887 \
  -oC:\Users\nicou\AppData\Local\Temp\xcAse1s.5 --defsym=__MPLAB_BUILD=1 \
  -Mdist/default/production/MP2-Maestro.X.production.map -E1 \
  -ver=XC8 Compiler --acfsm=1493 -ASTACK=0110h-016Fh -pstack=STACK \
  -ACODE=00h-07FFhx4 -ASTRCODE=00h-01FFFh -ASTRING=00h-0FFhx32 \
  -ACONST=00h-0FFhx32 -AENTRY=00h-0FFhx32 -ACOMMON=070h-07Fh \
  -ABANK0=020h-06Fh -ABANK1=0A0h-0EFh -ABANK2=0110h-016Fh \
  -ABANK3=0190h-01EFh -ARAM=020h-06Fh,0A0h-0EFh,0110h-016Fh,0190h-01EFh \
  -AABS1=020h-07Fh,0A0h-0EFh,0110h-016Fh,0190h-01EFh -ASFR0=00h-01Fh \
  -ASFR1=080h-09Fh -ASFR2=0100h-010Fh -ASFR3=0180h-018Fh \
  -ACONFIG=02007h-02008h -DCONFIG=2 -AIDLOC=02000h-02003h -DIDLOC=2 \
  -AEEDATA=00h-0FFh/02100h -peeprom_data=EEDATA -DEEDATA=2 -DCODE=2 \
  -DSTRCODE=2 -DSTRING=2 -DCONST=2 -DENTRY=2 \
  -preset_vec=00h,intentry,init,end_init -ppowerup=CODE -pcinit=CODE \
  -pfunctab=ENTRY -k C:\Users\nicou\AppData\Local\Temp\xcAse1s.o \
  dist/default/production\MP2-Maestro.X.production.o 

Object code version is 3.11

Machine type is 16F887



                Name                               Link     Load   Length Selector   Space Scale
C:\Users\nicou\AppData\Local\Temp\xcAse1s.o
                end_init                              0        0        3        0       0
                config                             2007     2007        2        0       4
dist/default/production\MP2-Maestro.X.production.o
                cinit                               7F7      7F7        9      FEE       0
                config                             2007     2007        2        0       4
                text18                              569      569       1F      AD2       0
                text17                              51C      51C        A      A38       0
                text16                              50A      50A        9      A14       0
                text15                              513      513        9      A26       0
                text14                              526      526        A      A4C       0
                text13                              5A7      5A7       24      B4E       0
                text12                              502      502        8      A04       0
                text11                              53C      53C        F      A78       0
                text10                              54B      54B        F      A96       0
                text9                               530      530        C      A60       0
                text8                               678      678       4F      CF0       0
                text7                               614      614       29      C28       0
                text6                               55A      55A        F      AB4       0
                text5                               5EF      5EF       25      BDE       0
                text4                               5CB      5CB       24      B96       0
                text3                               6C7      6C7       66      D8E       0
                text2                               63D      63D       3B      C7A       0
                text1                               588      588       1F      B10       0
                maintext                            72D      72D       CA      E5A       0
                cstackBANK0                          20       20        B       20       1
                cstackCOMMON                         70       70        E       70       1
                bssBANK0                             2B       2B        3       20       1
                strings                               3        3       32        6       0

TOTAL           Name                               Link     Load   Length     Space
        CLASS   STACK          

        CLASS   CODE           
                end_init                              0        0        3         0
                cinit                               7F7      7F7        9         0
                text18                              569      569       1F         0
                text17                              51C      51C        A         0
                text16                              50A      50A        9         0
                text15                              513      513        9         0
                text14                              526      526        A         0
                text13                              5A7      5A7       24         0
                text12                              502      502        8         0
                text11                              53C      53C        F         0
                text10                              54B      54B        F         0
                text9                               530      530        C         0
                text8                               678      678       4F         0
                text7                               614      614       29         0
                text6                               55A      55A        F         0
                text5                               5EF      5EF       25         0
                text4                               5CB      5CB       24         0
                text3                               6C7      6C7       66         0
                text2                               63D      63D       3B         0
                text1                               588      588       1F         0
                maintext                            72D      72D       CA         0

        CLASS   STRCODE        

        CLASS   STRING         
                strings                               3        3       32         0

        CLASS   CONST          

        CLASS   ENTRY          

        CLASS   COMMON         
                cstackCOMMON                         70       70        E         1

        CLASS   BANK0          
                cstackBANK0                          20       20        B         1
                bssBANK0                             2B       2B        3         1

        CLASS   BANK1          

        CLASS   BANK2          

        CLASS   BANK3          

        CLASS   RAM            

        CLASS   ABS1           
                abs_s1                               7E       7E        2         1

        CLASS   SFR0           

        CLASS   SFR1           

        CLASS   SFR2           

        CLASS   SFR3           

        CLASS   CONFIG         
                config                             2007     2007        2         4

        CLASS   IDLOC          

        CLASS   EEDATA         



SEGMENTS        Name                           Load    Length   Top    Selector   Space  Class     Delta

                reset_vec                      000000  000003  000003         0       0  CODE        2
                strings                        000003  000032  000035         6       0  STRING      2
                cstackBANK0                    000020  00000E  00002E        20       1  BANK0       1
                cstackCOMMON                   000070  00000E  00007E        70       1  COMMON      1
                text12                         000502  000008  00050A       A04       0  CODE        2
                text16                         00050A  000009  000513       A14       0  CODE        2
                text15                         000513  000009  00051C       A26       0  CODE        2
                text17                         00051C  00000A  000526       A38       0  CODE        2
                text14                         000526  00000A  000530       A4C       0  CODE        2
                text9                          000530  00000C  00053C       A60       0  CODE        2
                text11                         00053C  00000F  00054B       A78       0  CODE        2
                text10                         00054B  00000F  00055A       A96       0  CODE        2
                text6                          00055A  00000F  000569       AB4       0  CODE        2
                text18                         000569  00001F  000588       AD2       0  CODE        2
                text1                          000588  00001F  0005A7       B10       0  CODE        2
                text13                         0005A7  000024  0005CB       B4E       0  CODE        2
                text4                          0005CB  000024  0005EF       B96       0  CODE        2
                text5                          0005EF  000025  000614       BDE       0  CODE        2
                text7                          000614  000029  00063D       C28       0  CODE        2
                text2                          00063D  00003B  000678       C7A       0  CODE        2
                text8                          000678  00004F  0006C7       CF0       0  CODE        2
                text3                          0006C7  000066  00072D       D8E       0  CODE        2
                maintext                       00072D  0000CA  0007F7       E5A       0  CODE        2
                cinit                          0007F7  000009  000800       FEE       0  CODE        2


UNUSED ADDRESS RANGES

        Name                Unused          Largest block    Delta
        BANK0            002E-006F             42           1
        BANK1            00A0-00EF             50           1
        BANK2            0110-016F             60           1
        BANK3            0190-01EF             60           1
        CODE             0035-0501            4CD           2
                         0800-1FFF            800
        CONST            0035-0501            100           2
                         0800-1FFF            100
        EEDATA           2100-21FF            100           2
        ENTRY            0035-0501            100           2
                         0800-1FFF            100
        IDLOC            2000-2003              4           2
        RAM              002E-006F             42           1
                         00A0-00EF             50
                         0110-016F             60
                         0190-01EF             60
        SFR0             0000-001F             20           1
        SFR1             0080-009F             20           1
        SFR2             0100-010F             10           1
        SFR3             0180-018F             10           1
        STACK            0110-016F             60           1
        STRCODE          0035-0501            4CD           2
                         0800-1FFF           1800
        STRING           0035-0501            100           2
                         0800-1FFF            100

                                  Symbol Table

?___lldiv                 cstackCOMMON 0070
LCD_CMD@cmd               cstackCOMMON 0072
LCD_setCursor@columna     cstackCOMMON 0073
LCD_setCursor@fila        cstackCOMMON 0074
LCD_write@value           cstackCOMMON 0072
LCD_writeString@i         cstackCOMMON 0073
LCD_writeString@text      cstackCOMMON 0075
_ANSEL                    (abs)        0188
_ANSELH                   (abs)        0189
_LCD_CMD                  text9        0530
_LCD_START                text8        0678
_LCD_setCursor            text7        0614
_LCD_write                text6        055A
_LCD_writeString          text5        05EF
_OSCCONbits               (abs)        008F
_PORTA                    (abs)        0005
_PORTB                    (abs)        0006
_PORTD                    (abs)        0008
_RD6                      (abs)        0046
_RD7                      (abs)        0047
_SSPADD                   (abs)        0093
_SSPBUF                   (abs)        0013
_SSPCON                   (abs)        0014
_SSPCON2                  (abs)        0091
_SSPCON2bits              (abs)        0091
_SSPCONbits               (abs)        0014
_SSPSTAT                  (abs)        0094
_SSPSTATbits              (abs)        0094
_TRISA                    (abs)        0085
_TRISB                    (abs)        0086
_TRISCbits                (abs)        0087
_TRISD                    (abs)        0088
__Habs1                   abs1         0000
__Hbank0                  bank0        0000
__Hbank1                  bank1        0000
__Hbank2                  bank2        0000
__Hbank3                  bank3        0000
__HbssBANK0               bssBANK0     0000
__Hcinit                  cinit        0800
__Hclrtext                clrtext      0000
__Hcode                   code         0000
__Hcommon                 common       0000
__Hconfig                 config       2009
__HcstackBANK0            cstackBANK0  0000
__HcstackCOMMON           cstackCOMMON 0000
__Heeprom_data            eeprom_data  0000
__Hend_init               end_init     0003
__Hfunctab                functab      0000
__Hinit                   init         0000
__Hintentry               intentry     0000
__Hmaintext               maintext     0000
__Hpowerup                powerup      0000
__Hram                    ram          0000
__Hreset_vec              reset_vec    0000
__Hsfr0                   sfr0         0000
__Hsfr1                   sfr1         0000
__Hsfr2                   sfr2         0000
__Hsfr3                   sfr3         0000
__Hspace_0                (abs)        0800
__Hspace_1                (abs)        007E
__Hspace_2                (abs)        0000
__Hspace_3                (abs)        0000
__Hspace_4                (abs)        4010
__Hstack                  stack        0000
__Hstrings                strings      0000
__Htext                   text         0000
__Labs1                   abs1         0000
__Lbank0                  bank0        0000
__Lbank1                  bank1        0000
__Lbank2                  bank2        0000
__Lbank3                  bank3        0000
__LbssBANK0               bssBANK0     0000
__Lcinit                  cinit        07F7
__Lclrtext                clrtext      0000
__Lcode                   code         0000
__Lcommon                 common       0000
__Lconfig                 config       0000
__LcstackBANK0            cstackBANK0  0000
__LcstackCOMMON           cstackCOMMON 0000
__Leeprom_data            eeprom_data  0000
__Lend_init               end_init     0000
__Lfunctab                functab      0000
__Linit                   init         0000
__Lintentry               intentry     0000
__Lmaintext               maintext     0000
__Lpowerup                powerup      0000
__Lram                    ram          0000
__Lreset_vec              reset_vec    0000
__Lsfr0                   sfr0         0000
__Lsfr1                   sfr1         0000
__Lsfr2                   sfr2         0000
__Lsfr3                   sfr3         0000
__Lspace_0                (abs)        0000
__Lspace_1                (abs)        0000
__Lspace_2                (abs)        0000
__Lspace_3                (abs)        0000
__Lspace_4                (abs)        0000
__Lstack                  stack        0000
__Lstrings                strings      0000
__Ltext                   text         0000
__S0                      (abs)        0800
__S1                      (abs)        007E
__S2                      (abs)        0000
__S3                      (abs)        0000
___int_sp                 stack        0000
___latbits                (abs)        0002
___lldiv                  text3        06C7
___lldiv@counter          cstackCOMMON 007D
___lldiv@dividend         cstackCOMMON 0074
___lldiv@divisor          cstackCOMMON 0070
___lldiv@quotient         cstackCOMMON 0079
___sp                     stack        0000
___stackhi                (abs)        0000
___stacklo                (abs)        0000
__end_of_LCD_CMD          text9        053C
__end_of_LCD_START        text8        06C7
__end_of_LCD_setCursor    text7        063D
__end_of_LCD_write        text6        0569
__end_of_LCD_writeString  text5        0614
__end_of___lldiv          text3        072D
__end_of__initialization  cinit        07FC
__end_of__stringtab       strings      0009
__end_of_config_clock     text12       050A
__end_of_config_io        text11       054B
__end_of_config_lcd       text4        05EF
__end_of_flip_EN          text10       055A
__end_of_i2c_MW           text13       05CB
__end_of_i2c_MasterInit   text2        0678
__end_of_i2c_MasterSS     text17       0526
__end_of_i2c_MasterStart  text16       0513
__end_of_i2c_MasterStop   text15       051C
__end_of_i2c_MasterWait   text18       0588
__end_of_i2c_MasterWrite  text14       0530
__end_of_main             maintext     07F7
__end_of_setup            text1        05A7
__initialization          cinit        07F7
__pbssBANK0               bssBANK0     002B
__pcstackBANK0            cstackBANK0  0020
__pcstackCOMMON           cstackCOMMON 0070
__pmaintext               maintext     072D
__pstrings                strings      0003
__ptext1                  text1        0588
__ptext10                 text10       054B
__ptext11                 text11       053C
__ptext12                 text12       0502
__ptext13                 text13       05A7
__ptext14                 text14       0526
__ptext15                 text15       0513
__ptext16                 text16       050A
__ptext17                 text17       051C
__ptext18                 text18       0569
__ptext2                  text2        063D
__ptext3                  text3        06C7
__ptext4                  text4        05CB
__ptext5                  text5        05EF
__ptext6                  text6        055A
__ptext7                  text7        0614
__ptext8                  text8        0678
__ptext9                  text9        0530
__size_of_LCD_CMD         (abs)        0000
__size_of_LCD_START       (abs)        0000
__size_of_LCD_setCursor   (abs)        0000
__size_of_LCD_write       (abs)        0000
__size_of_LCD_writeString (abs)        0000
__size_of___lldiv         (abs)        0000
__size_of_config_clock    (abs)        0000
__size_of_config_io       (abs)        0000
__size_of_config_lcd      (abs)        0000
__size_of_flip_EN         (abs)        0000
__size_of_i2c_MW          (abs)        0000
__size_of_i2c_MasterInit  (abs)        0000
__size_of_i2c_MasterSS    (abs)        0000
__size_of_i2c_MasterStart (abs)        0000
__size_of_i2c_MasterStop  (abs)        0000
__size_of_i2c_MasterWait  (abs)        0000
__size_of_i2c_MasterWrite (abs)        0000
__size_of_main            (abs)        0000
__size_of_setup           (abs)        0000
__stringbase              strings      0008
__stringtab               strings      0003
_config_clock             text12       0502
_config_io                text11       053C
_config_lcd               text4        05CB
_data                     bssBANK0     002B
_flip_EN                  text10       054B
_i2c_MW                   text13       05A7
_i2c_MasterInit           text2        063D
_i2c_MasterSS             text17       051C
_i2c_MasterStart          text16       050A
_i2c_MasterStop           text15       0513
_i2c_MasterWait           text18       0569
_i2c_MasterWrite          text14       0526
_main                     maintext     072D
_semaforo                 bssBANK0     002D
_setup                    text1        0588
btemp                     (abs)        007E
end_of_initialization     cinit        07FC
i2c_MW@address            cstackCOMMON 0077
i2c_MW@messege            cstackCOMMON 0074
i2c_MasterInit@freq       cstackBANK0  0020
i2c_MasterSS@address      cstackCOMMON 0072
i2c_MasterWrite@dato      cstackCOMMON 0072
intlevel0                 functab      0000
intlevel1                 functab      0000
intlevel2                 functab      0000
intlevel3                 functab      0000
intlevel4                 functab      0000
intlevel5                 functab      0000
reset_vec                 reset_vec    0000
start                     init         0000
start_initialization      cinit        07F7
wtemp0                    (abs)        007E


MODULE INFORMATION

Module		Function		Class		Link	Load	Size
C:/Users/nicou/OneDrive/Documents/2022/1er_semestre/Digital_2/MiniProy2/MP2-Maestro.X/i2c.c
		_i2c_MasterStart		CODE           	050A	0000	9
		_i2c_MasterSS  		CODE           	051C	0000	10
		_i2c_MasterWait		CODE           	0569	0000	31
		_i2c_MasterInit		CODE           	063D	0000	59
		_i2c_MasterStop		CODE           	0513	0000	9
		_i2c_MW        		CODE           	05A7	0000	36
		_i2c_MasterWrite		CODE           	0526	0000	10

C:/Users/nicou/OneDrive/Documents/2022/1er_semestre/Digital_2/MiniProy2/MP2-Maestro.X/i2c.c estimated size: 164

lcd_8bitsA.c
		_LCD_CMD       		CODE           	0530	0000	12
		_LCD_START     		CODE           	0678	0000	79
		_LCD_write     		CODE           	055A	0000	15
		_flip_EN       		CODE           	054B	0000	15
		_LCD_setCursor 		CODE           	0614	0000	41
		_LCD_writeString		CODE           	05EF	0000	37

lcd_8bitsA.c estimated size: 199

shared
		__stringtab    		STRING         	0003	0000	6
		__initialization		CODE           	07F7	0000	5

shared estimated size: 11

C:/Users/nicou/OneDrive/Documents/2022/1er_semestre/Digital_2/MiniProy2/MP2-Maestro.X/main.c
		_main          		CODE           	072D	0000	202
		_setup         		CODE           	0588	0000	31
		_config_io     		CODE           	053C	0000	15
		_config_lcd    		CODE           	05CB	0000	36
		_config_clock  		CODE           	0502	0000	8

C:/Users/nicou/OneDrive/Documents/2022/1er_semestre/Digital_2/MiniProy2/MP2-Maestro.X/main.c estimated size: 292

C:\Program Files\Microchip\xc8\v2.32\pic\sources\c90\common\__lldiv.c
		___lldiv       		CODE           	06C7	0000	102

C:\Program Files\Microchip\xc8\v2.32\pic\sources\c90\common\__lldiv.c estimated size: 102

