Microchip MPLAB XC8 Compiler V2.32

Linker command line:

-W-3 --edf=C:\Program Files\Microchip\xc8\v2.32\pic\dat\en_msgs.txt -cn \
  -h+dist/default/production\MP2-i2c-Master.X.production.sym \
  --cmf=dist/default/production\MP2-i2c-Master.X.production.cmf -z -Q16F887 \
  -oC:\Users\nicou\AppData\Local\Temp\xcAsu0.4 --defsym=__MPLAB_BUILD=1 \
  -Mdist/default/production/MP2-i2c-Master.X.production.map -E1 \
  -ver=XC8 Compiler --acfsm=1493 -ASTACK=0110h-016Fh -pstack=STACK \
  -ACODE=00h-07FFhx4 -ASTRCODE=00h-01FFFh -ASTRING=00h-0FFhx32 \
  -ACONST=00h-0FFhx32 -AENTRY=00h-0FFhx32 -ACOMMON=070h-07Fh \
  -ABANK0=020h-06Fh -ABANK1=0A0h-0EFh -ABANK2=0110h-016Fh \
  -ABANK3=0190h-01EFh -ARAM=020h-06Fh,0A0h-0EFh,0110h-016Fh,0190h-01EFh \
  -AABS1=020h-07Fh,0A0h-0EFh,0110h-016Fh,0190h-01EFh -ASFR0=00h-01Fh \
  -ASFR1=080h-09Fh -ASFR2=0100h-010Fh -ASFR3=0180h-018Fh \
  -ACONFIG=02007h-02008h -DCONFIG=2 -AIDLOC=02000h-02003h -DIDLOC=2 \
  -AEEDATA=00h-0FFh/02100h -peeprom_data=EEDATA -DEEDATA=2 -DCODE=2 \
  -DSTRCODE=2 -DSTRING=2 -DCONST=2 -DENTRY=2 \
  -preset_vec=00h,intentry,init,end_init -ppowerup=CODE -pcinit=CODE \
  -pfunctab=ENTRY -k C:\Users\nicou\AppData\Local\Temp\xcAsu0.o \
  dist/default/production\MP2-i2c-Master.X.production.o 

Object code version is 3.11

Machine type is 16F887



                Name                               Link     Load   Length Selector   Space Scale
C:\Users\nicou\AppData\Local\Temp\xcAsu0.o
                end_init                              0        0        3        0       0
                config                             2007     2007        2        0       4
dist/default/production\MP2-i2c-Master.X.production.o
                cinit                               7F5      7F5        B      FEA       0
                config                             2007     2007        2        0       4
                text23                              3A6      3A6        F      74C       0
                text22                              39A      39A        C      734       0
                text21                              4AC      4AC       31      958       0
                text20                              3B5      3B5        F      76A       0
                text19                              459      459       25      8B2       0
                text18                              3D3      3D3       1F      7A6       0
                text17                              386      386        A      70C       0
                text16                              374      374        9      6E8       0
                text15                              37D      37D        9      6FA       0
                text14                              390      390        A      720       0
                text13                              411      411       24      822       0
                text12                              73A      73A       BB      E74       0
                text11                              65A      65A       67      CB4       0
                text10                              59B      59B       59      B36       0
                text9                               4DD      4DD       34      9BA       0
                text8                               47E      47E       2E      8FC       0
                text7                               36C      36C        8      6D8       0
                text6                               3C4      3C4        F      788       0
                text5                               54C      54C       4F      A98       0
                text4                               435      435       24      86A       0
                text3                               5F4      5F4       66      BE8       0
                text2                               511      511       3B      A22       0
                text1                               3F2      3F2       1F      7E4       0
                maintext                            6C1      6C1       79      D82       0
                cstackBANK0                          20       20        B       20       1
                cstackCOMMON                         70       70        E       70       1
                bssBANK0                             2B       2B        5       20       1
                strings                               3        3       31        6       0

TOTAL           Name                               Link     Load   Length     Space
        CLASS   STACK          

        CLASS   CODE           
                end_init                              0        0        3         0
                cinit                               7F5      7F5        B         0
                text23                              3A6      3A6        F         0
                text22                              39A      39A        C         0
                text21                              4AC      4AC       31         0
                text20                              3B5      3B5        F         0
                text19                              459      459       25         0
                text18                              3D3      3D3       1F         0
                text17                              386      386        A         0
                text16                              374      374        9         0
                text15                              37D      37D        9         0
                text14                              390      390        A         0
                text13                              411      411       24         0
                text12                              73A      73A       BB         0
                text11                              65A      65A       67         0
                text10                              59B      59B       59         0
                text9                               4DD      4DD       34         0
                text8                               47E      47E       2E         0
                text7                               36C      36C        8         0
                text6                               3C4      3C4        F         0
                text5                               54C      54C       4F         0
                text4                               435      435       24         0
                text3                               5F4      5F4       66         0
                text2                               511      511       3B         0
                text1                               3F2      3F2       1F         0
                maintext                            6C1      6C1       79         0

        CLASS   STRCODE        

        CLASS   STRING         
                strings                               3        3       31         0

        CLASS   CONST          

        CLASS   ENTRY          

        CLASS   COMMON         
                cstackCOMMON                         70       70        E         1

        CLASS   BANK0          
                cstackBANK0                          20       20        B         1
                bssBANK0                             2B       2B        5         1

        CLASS   BANK1          

        CLASS   BANK2          

        CLASS   BANK3          

        CLASS   RAM            

        CLASS   ABS1           
                abs_s1                               7E       7E        2         1

        CLASS   SFR0           

        CLASS   SFR1           

        CLASS   SFR2           

        CLASS   SFR3           

        CLASS   CONFIG         
                config                             2007     2007        2         4

        CLASS   IDLOC          

        CLASS   EEDATA         



SEGMENTS        Name                           Load    Length   Top    Selector   Space  Class     Delta

                reset_vec                      000000  000003  000003         0       0  CODE        2
                strings                        000003  000031  000034         6       0  STRING      2
                cstackBANK0                    000020  000010  000030        20       1  BANK0       1
                cstackCOMMON                   000070  00000E  00007E        70       1  COMMON      1
                text7                          00036C  000008  000374       6D8       0  CODE        2
                text16                         000374  000009  00037D       6E8       0  CODE        2
                text15                         00037D  000009  000386       6FA       0  CODE        2
                text17                         000386  00000A  000390       70C       0  CODE        2
                text14                         000390  00000A  00039A       720       0  CODE        2
                text22                         00039A  00000C  0003A6       734       0  CODE        2
                text23                         0003A6  00000F  0003B5       74C       0  CODE        2
                text20                         0003B5  00000F  0003C4       76A       0  CODE        2
                text6                          0003C4  00000F  0003D3       788       0  CODE        2
                text18                         0003D3  00001F  0003F2       7A6       0  CODE        2
                text1                          0003F2  00001F  000411       7E4       0  CODE        2
                text13                         000411  000024  000435       822       0  CODE        2
                text4                          000435  000024  000459       86A       0  CODE        2
                text19                         000459  000025  00047E       8B2       0  CODE        2
                text8                          00047E  00002E  0004AC       8FC       0  CODE        2
                text21                         0004AC  000031  0004DD       958       0  CODE        2
                text9                          0004DD  000034  000511       9BA       0  CODE        2
                text2                          000511  00003B  00054C       A22       0  CODE        2
                text5                          00054C  00004F  00059B       A98       0  CODE        2
                text10                         00059B  000059  0005F4       B36       0  CODE        2
                text3                          0005F4  000066  00065A       BE8       0  CODE        2
                text11                         00065A  000067  0006C1       CB4       0  CODE        2
                maintext                       0006C1  000079  00073A       D82       0  CODE        2
                text12                         00073A  0000BB  0007F5       E74       0  CODE        2
                cinit                          0007F5  00000B  000800       FEA       0  CODE        2


UNUSED ADDRESS RANGES

        Name                Unused          Largest block    Delta
        BANK0            0030-006F             40           1
        BANK1            00A0-00EF             50           1
        BANK2            0110-016F             60           1
        BANK3            0190-01EF             60           1
        CODE             0034-036B            338           2
                         0800-1FFF            800
        CONST            0034-036B            100           2
                         0800-1FFF            100
        EEDATA           2100-21FF            100           2
        ENTRY            0034-036B            100           2
                         0800-1FFF            100
        IDLOC            2000-2003              4           2
        RAM              0030-006F             40           1
                         00A0-00EF             50
                         0110-016F             60
                         0190-01EF             60
        SFR0             0000-001F             20           1
        SFR1             0080-009F             20           1
        SFR2             0100-010F             10           1
        SFR3             0180-018F             10           1
        STACK            0110-016F             60           1
        STRCODE          0034-036B            338           2
                         0800-1FFF           1800
        STRING           0034-036B            100           2
                         0800-1FFF            100

                                  Symbol Table

?___awdiv                 cstackCOMMON 0070
?___awmod                 cstackCOMMON 0070
?___lldiv                 cstackCOMMON 0070
?_i2c_MasterRead          cstackCOMMON 0072
LCD_CMD@cmd               cstackCOMMON 0072
LCD_setCursor@columna     cstackCOMMON 0073
LCD_setCursor@fila        cstackCOMMON 0076
LCD_write@value           cstackCOMMON 0072
LCD_writeString@i         cstackCOMMON 0073
LCD_writeString@text      cstackCOMMON 0075
_ANSEL                    (abs)        0188
_ANSELH                   (abs)        0189
_BAUDCTLbits              (abs)        0187
_LCD_CMD                  text22       039A
_LCD_START                text5        054C
_LCD_setCursor            text21       04AC
_LCD_write                text20       03B5
_LCD_writeString          text19       0459
_OSCCONbits               (abs)        008F
_PIR1bits                 (abs)        000C
_PORTA                    (abs)        0005
_PORTB                    (abs)        0006
_PORTD                    (abs)        0008
_RCSTAbits                (abs)        0018
_RD6                      (abs)        0046
_RD7                      (abs)        0047
_SPBRG                    (abs)        0099
_SPBRGH                   (abs)        009A
_SSPADD                   (abs)        0093
_SSPBUF                   (abs)        0013
_SSPCON                   (abs)        0014
_SSPCON2                  (abs)        0091
_SSPCON2bits              (abs)        0091
_SSPCONbits               (abs)        0014
_SSPSTAT                  (abs)        0094
_SSPSTATbits              (abs)        0094
_TRISA                    (abs)        0085
_TRISB                    (abs)        0086
_TRISCbits                (abs)        0087
_TRISD                    (abs)        0088
_TXREG                    (abs)        0019
_TXSTAbits                (abs)        0098
__Habs1                   abs1         0000
__Hbank0                  bank0        0000
__Hbank1                  bank1        0000
__Hbank2                  bank2        0000
__Hbank3                  bank3        0000
__HbssBANK0               bssBANK0     0000
__Hcinit                  cinit        0800
__Hclrtext                clrtext      0000
__Hcode                   code         0000
__Hcommon                 common       0000
__Hconfig                 config       2009
__HcstackBANK0            cstackBANK0  0000
__HcstackCOMMON           cstackCOMMON 0000
__Heeprom_data            eeprom_data  0000
__Hend_init               end_init     0003
__Hfunctab                functab      0000
__Hinit                   init         0000
__Hintentry               intentry     0000
__Hmaintext               maintext     0000
__Hpowerup                powerup      0000
__Hram                    ram          0000
__Hreset_vec              reset_vec    0000
__Hsfr0                   sfr0         0000
__Hsfr1                   sfr1         0000
__Hsfr2                   sfr2         0000
__Hsfr3                   sfr3         0000
__Hspace_0                (abs)        0800
__Hspace_1                (abs)        007E
__Hspace_2                (abs)        0000
__Hspace_3                (abs)        0000
__Hspace_4                (abs)        4010
__Hstack                  stack        0000
__Hstrings                strings      0000
__Htext                   text         0000
__Labs1                   abs1         0000
__Lbank0                  bank0        0000
__Lbank1                  bank1        0000
__Lbank2                  bank2        0000
__Lbank3                  bank3        0000
__LbssBANK0               bssBANK0     0000
__Lcinit                  cinit        07F5
__Lclrtext                clrtext      0000
__Lcode                   code         0000
__Lcommon                 common       0000
__Lconfig                 config       0000
__LcstackBANK0            cstackBANK0  0000
__LcstackCOMMON           cstackCOMMON 0000
__Leeprom_data            eeprom_data  0000
__Lend_init               end_init     0000
__Lfunctab                functab      0000
__Linit                   init         0000
__Lintentry               intentry     0000
__Lmaintext               maintext     0000
__Lpowerup                powerup      0000
__Lram                    ram          0000
__Lreset_vec              reset_vec    0000
__Lsfr0                   sfr0         0000
__Lsfr1                   sfr1         0000
__Lsfr2                   sfr2         0000
__Lsfr3                   sfr3         0000
__Lspace_0                (abs)        0000
__Lspace_1                (abs)        0000
__Lspace_2                (abs)        0000
__Lspace_3                (abs)        0000
__Lspace_4                (abs)        0000
__Lstack                  stack        0000
__Lstrings                strings      0000
__Ltext                   text         0000
__S0                      (abs)        0800
__S1                      (abs)        007E
__S2                      (abs)        0000
__S3                      (abs)        0000
___awdiv                  text11       065A
___awdiv@counter          cstackCOMMON 0075
___awdiv@dividend         cstackCOMMON 0072
___awdiv@divisor          cstackCOMMON 0070
___awdiv@quotient         cstackCOMMON 0077
___awdiv@sign             cstackCOMMON 0076
___awmod                  text10       059B
___awmod@counter          cstackCOMMON 0075
___awmod@dividend         cstackCOMMON 0072
___awmod@divisor          cstackCOMMON 0070
___awmod@sign             cstackCOMMON 0076
___int_sp                 stack        0000
___latbits                (abs)        0002
___lldiv                  text3        05F4
___lldiv@counter          cstackCOMMON 007D
___lldiv@dividend         cstackCOMMON 0074
___lldiv@divisor          cstackCOMMON 0070
___lldiv@quotient         cstackCOMMON 0079
___sp                     stack        0000
___stackhi                (abs)        0000
___stacklo                (abs)        0000
__end_of_LCD_CMD          text22       03A6
__end_of_LCD_START        text5        059B
__end_of_LCD_setCursor    text21       04DD
__end_of_LCD_write        text20       03C4
__end_of_LCD_writeString  text19       047E
__end_of___awdiv          text11       06C1
__end_of___awmod          text10       05F4
__end_of___lldiv          text3        065A
__end_of__initialization  cinit        07FC
__end_of__stringtab       strings      0009
__end_of_colores          text12       07F5
__end_of_config_clock     text7        0374
__end_of_config_io        text6        03D3
__end_of_config_lcd       text4        0459
__end_of_decadas          text9        0511
__end_of_flip_EN          text23       03B5
__end_of_i2c_MW           text13       0435
__end_of_i2c_MasterInit   text2        054C
__end_of_i2c_MasterRead   text8        04AC
__end_of_i2c_MasterSS     text17       0390
__end_of_i2c_MasterStart  text16       037D
__end_of_i2c_MasterStop   text15       0386
__end_of_i2c_MasterWait   text18       03F2
__end_of_i2c_MasterWrite  text14       039A
__end_of_main             maintext     073A
__end_of_setup            text1        0411
__initialization          cinit        07F5
__pbssBANK0               bssBANK0     002B
__pcstackBANK0            cstackBANK0  0020
__pcstackCOMMON           cstackCOMMON 0070
__pmaintext               maintext     06C1
__pstrings                strings      0003
__ptext1                  text1        03F2
__ptext10                 text10       059B
__ptext11                 text11       065A
__ptext12                 text12       073A
__ptext13                 text13       0411
__ptext14                 text14       0390
__ptext15                 text15       037D
__ptext16                 text16       0374
__ptext17                 text17       0386
__ptext18                 text18       03D3
__ptext19                 text19       0459
__ptext2                  text2        0511
__ptext20                 text20       03B5
__ptext21                 text21       04AC
__ptext22                 text22       039A
__ptext23                 text23       03A6
__ptext3                  text3        05F4
__ptext4                  text4        0435
__ptext5                  text5        054C
__ptext6                  text6        03C4
__ptext7                  text7        036C
__ptext8                  text8        047E
__ptext9                  text9        04DD
__size_of_LCD_CMD         (abs)        0000
__size_of_LCD_START       (abs)        0000
__size_of_LCD_setCursor   (abs)        0000
__size_of_LCD_write       (abs)        0000
__size_of_LCD_writeString (abs)        0000
__size_of___awdiv         (abs)        0000
__size_of___awmod         (abs)        0000
__size_of___lldiv         (abs)        0000
__size_of_colores         (abs)        0000
__size_of_config_clock    (abs)        0000
__size_of_config_io       (abs)        0000
__size_of_config_lcd      (abs)        0000
__size_of_decadas         (abs)        0000
__size_of_flip_EN         (abs)        0000
__size_of_i2c_MW          (abs)        0000
__size_of_i2c_MasterInit  (abs)        0000
__size_of_i2c_MasterRead  (abs)        0000
__size_of_i2c_MasterSS    (abs)        0000
__size_of_i2c_MasterStart (abs)        0000
__size_of_i2c_MasterStop  (abs)        0000
__size_of_i2c_MasterWait  (abs)        0000
__size_of_i2c_MasterWrite (abs)        0000
__size_of_main            (abs)        0000
__size_of_setup           (abs)        0000
__stringbase              strings      0008
__stringtab               strings      0003
_colores                  text12       073A
_config_clock             text7        036C
_config_io                text6        03C4
_config_lcd               text4        0435
_data                     bssBANK0     002B
_decadas                  text9        04DD
_flip_EN                  text23       03A6
_i2c_MW                   text13       0411
_i2c_MasterInit           text2        0511
_i2c_MasterRead           text8        047E
_i2c_MasterSS             text17       0386
_i2c_MasterStart          text16       0374
_i2c_MasterStop           text15       037D
_i2c_MasterWait           text18       03D3
_i2c_MasterWrite          text14       0390
_main                     maintext     06C1
_semaforo                 bssBANK0     002D
_setup                    text1        03F2
_temp                     bssBANK0     002E
btemp                     (abs)        007E
decadas@decadas           cstackCOMMON 0079
decadas@unidades          cstackCOMMON 007A
decadas@value             cstackBANK0  0020
end_of_initialization     cinit        07FC
i2c_MW@address            cstackCOMMON 0077
i2c_MW@messege            cstackCOMMON 0074
i2c_MasterInit@freq       cstackBANK0  0020
i2c_MasterRead@secuence   cstackCOMMON 0072
i2c_MasterRead@temp       cstackCOMMON 0076
i2c_MasterSS@address      cstackCOMMON 0072
i2c_MasterWrite@dato      cstackCOMMON 0072
intlevel0                 functab      0000
intlevel1                 functab      0000
intlevel2                 functab      0000
intlevel3                 functab      0000
intlevel4                 functab      0000
intlevel5                 functab      0000
reset_vec                 reset_vec    0000
start                     init         0000
start_initialization      cinit        07F5
wtemp0                    (abs)        007E


MODULE INFORMATION

Module		Function		Class		Link	Load	Size
lcd_8bitsA.c
		_LCD_CMD       		CODE           	039A	0000	12
		_LCD_START     		CODE           	054C	0000	79
		_LCD_write     		CODE           	03B5	0000	15
		_flip_EN       		CODE           	03A6	0000	15
		_LCD_setCursor 		CODE           	04AC	0000	49
		_LCD_writeString		CODE           	0459	0000	37

lcd_8bitsA.c estimated size: 207

i2c.c
		_i2c_MasterStart		CODE           	0374	0000	9
		_i2c_MasterSS  		CODE           	0386	0000	10
		_i2c_MasterRead		CODE           	047E	0000	46
		_i2c_MasterWait		CODE           	03D3	0000	31
		_i2c_MasterInit		CODE           	0511	0000	59
		_i2c_MasterStop		CODE           	037D	0000	9
		_i2c_MW        		CODE           	0411	0000	36
		_i2c_MasterWrite		CODE           	0390	0000	10

i2c.c estimated size: 210

C:\Program Files\Microchip\xc8\v2.32\pic\sources\c90\common\awmod.c
		___awmod       		CODE           	059B	0000	89

C:\Program Files\Microchip\xc8\v2.32\pic\sources\c90\common\awmod.c estimated size: 89

shared
		__stringtab    		STRING         	0003	0000	6
		__initialization		CODE           	07F5	0000	7

shared estimated size: 13

C:\Program Files\Microchip\xc8\v2.32\pic\sources\c90\common\awdiv.c
		___awdiv       		CODE           	065A	0000	103

C:\Program Files\Microchip\xc8\v2.32\pic\sources\c90\common\awdiv.c estimated size: 103

C:/Users/nicou/OneDrive/Documents/2022/1er_semestre/Digital_2/MiniProy2/MP2-i2c-Master.X/main-master.c
		_colores       		CODE           	073A	0000	187
		_main          		CODE           	06C1	0000	121
		_decadas       		CODE           	04DD	0000	52
		_setup         		CODE           	03F2	0000	31
		_config_io     		CODE           	03C4	0000	15
		_config_lcd    		CODE           	0435	0000	36
		_config_clock  		CODE           	036C	0000	8

C:/Users/nicou/OneDrive/Documents/2022/1er_semestre/Digital_2/MiniProy2/MP2-i2c-Master.X/main-master.c estimated size: 450

C:\Program Files\Microchip\xc8\v2.32\pic\sources\c90\common\__lldiv.c
		___lldiv       		CODE           	05F4	0000	102

C:\Program Files\Microchip\xc8\v2.32\pic\sources\c90\common\__lldiv.c estimated size: 102

